// Jest Snapshot v1, https://goo.gl/fbAQLP

exports[`With props {"data":{"loading":true,"pizzaSizes":null}} Should match snapshot... 1`] = `
<h1>
  Loading...
</h1>
`;
